
> simplelog@0.1.0 dev
> next dev

⚠ Warning: Next.js inferred your workspace root, but it may not be correct.
 We detected multiple lockfiles and selected the directory of /app/package-lock.json as the root directory.
 To silence this warning, set `turbopack.root` in your Next.js config, or consider removing one of the lockfiles if it's not needed.
   See https://nextjs.org/docs/app/api-reference/config/next-config-js/turbopack#root-directory for more information.
 Detected additional lockfiles:
   * /app/frontend/package-lock.json

▲ Next.js 16.1.1 (Turbopack)
- Local:         http://localhost:3000
- Network:       http://192.168.0.2:3000
- Environments: .env.development

✓ Starting...
✓ Ready in 819ms
node_env: development -- hitting local auth and firestore emulators
testing locally -- hitting local auth and firestore emulators
Firestore connected to emulator
 GET / 200 in 1491ms (compile: 588ms, render: 903ms)
 GET /journal 200 in 697ms (compile: 91ms, render: 607ms)
 GET /journal/quick-print?jid=mock-journal-1 200 in 177ms (compile: 24ms, render: 152ms)
